DEBUG tests/darray_algos_tests.c:67: ----- RUNNING: ./tests/darray_algos_tests
DEBUG tests/darray_algos_tests.c:62: 
----- test_qsort
DEBUG tests/darray_algos_tests.c:42: --- Testing qsort sorting algorithm
DEBUG tests/darray_tests.c:124: ----- RUNNING: ./tests/darray_tests
DEBUG tests/darray_tests.c:112: 
----- test_create
DEBUG tests/darray_tests.c:113: 
----- test_new
DEBUG tests/darray_tests.c:114: 
----- test_set
DEBUG tests/darray_tests.c:115: 
----- test_get
DEBUG tests/darray_tests.c:116: 
----- test_remove
DEBUG tests/darray_tests.c:117: 
----- test_expand_contract
DEBUG tests/darray_tests.c:118: 
----- test_push_pop
DEBUG tests/darray_tests.c:119: 
----- test_destroy
DEBUG tests/list_tests.c:113: ----- RUNNING: ./tests/list_tests
DEBUG tests/list_tests.c:103: 
----- test_create
DEBUG tests/list_tests.c:104: 
----- test_push_pop
DEBUG tests/list_tests.c:105: 
----- test_unshift
DEBUG tests/list_tests.c:106: 
----- test_remove
DEBUG tests/list_tests.c:107: 
----- test_shift
DEBUG tests/list_tests.c:108: 
----- test_destroy
DEBUG tests/darray_algos_tests.c:67: ----- RUNNING: ./tests/darray_algos_tests
DEBUG tests/darray_algos_tests.c:62: 
----- test_qsort
DEBUG tests/darray_algos_tests.c:42: --- Testing qsort sorting algorithm
DEBUG tests/darray_tests.c:124: ----- RUNNING: ./tests/darray_tests
DEBUG tests/darray_tests.c:112: 
----- test_create
DEBUG tests/darray_tests.c:113: 
----- test_new
DEBUG tests/darray_tests.c:114: 
----- test_set
DEBUG tests/darray_tests.c:115: 
----- test_get
DEBUG tests/darray_tests.c:116: 
----- test_remove
DEBUG tests/darray_tests.c:117: 
----- test_expand_contract
DEBUG tests/darray_tests.c:118: 
----- test_push_pop
DEBUG tests/darray_tests.c:119: 
----- test_destroy
DEBUG tests/list_tests.c:113: ----- RUNNING: ./tests/list_tests
DEBUG tests/list_tests.c:103: 
----- test_create
DEBUG tests/list_tests.c:104: 
----- test_push_pop
DEBUG tests/list_tests.c:105: 
----- test_unshift
DEBUG tests/list_tests.c:106: 
----- test_remove
DEBUG tests/list_tests.c:107: 
----- test_shift
DEBUG tests/list_tests.c:108: 
----- test_destroy
